[2025-11-07 17:43:18] === Starting auto-cancel cronjob ===
[2025-11-07 17:43:18] Found 3 expired orders to cancel
[2025-11-07 17:43:18] ✅ Cancelled order #113 - GODIFA202511050113
[2025-11-07 17:43:18] ✅ Cancelled order #115 - GODIFA202511050115
[2025-11-07 17:43:18] ✅ Cancelled order #125 - GODIFA202511070125
[2025-11-07 17:43:18] === Cronjob completed: 3 succeeded, 0 failed ===
[2025-12-06 12:20:01] === Starting auto-cancel cronjob ===
[2025-12-06 12:20:01] No expired orders found. Everything is up to date.
[2025-12-06 12:25:01] === Starting auto-cancel cronjob ===
[2025-12-06 12:25:01] ERROR: Table 'godifa_production.order' doesn't exist
[2025-12-06 12:30:01] === Starting auto-cancel cronjob ===
[2025-12-06 12:30:01] ERROR: Table 'godifa_production.order' doesn't exist
[2025-12-06 12:35:01] === Starting auto-cancel cronjob ===
[2025-12-06 12:35:01] Found 2 expired orders to cancel
[2025-12-06 12:35:01] ✅ Cancelled order #169 - GODIFA202512010169 (stock restored if needed)
[2025-12-06 12:35:01] ✅ Cancelled order #183 - GODIFA202512040183 (stock restored if needed)
[2025-12-06 12:35:01] === Cronjob completed: 2 succeeded, 0 failed ===
[2025-12-06 12:40:01] === Starting auto-cancel cronjob ===
[2025-12-06 12:40:01] No expired orders found. Everything is up to date.
[2025-12-06 12:45:01] === Starting auto-cancel cronjob ===
[2025-12-06 12:45:01] No expired orders found. Everything is up to date.
[2025-12-06 12:50:01] === Starting auto-cancel cronjob ===
[2025-12-06 12:50:01] No expired orders found. Everything is up to date.
[2025-12-06 12:55:01] === Starting auto-cancel cronjob ===
[2025-12-06 12:55:01] No expired orders found. Everything is up to date.
[2025-12-06 13:00:01] === Starting auto-cancel cronjob ===
[2025-12-06 13:00:01] No expired orders found. Everything is up to date.
[2025-12-06 13:05:01] === Starting auto-cancel cronjob ===
[2025-12-06 13:05:01] No expired orders found. Everything is up to date.
[2025-12-06 13:10:01] === Starting auto-cancel cronjob ===
[2025-12-06 13:10:01] No expired orders found. Everything is up to date.
[2025-12-06 13:15:01] === Starting auto-cancel cronjob ===
[2025-12-06 13:15:01] No expired orders found. Everything is up to date.
[2025-12-06 13:20:01] === Starting auto-cancel cronjob ===
[2025-12-06 13:20:01] No expired orders found. Everything is up to date.
[2025-12-06 13:25:01] === Starting auto-cancel cronjob ===
[2025-12-06 13:25:01] No expired orders found. Everything is up to date.
[2025-12-06 13:30:01] === Starting auto-cancel cronjob ===
[2025-12-06 13:30:01] No expired orders found. Everything is up to date.
[2025-12-06 13:35:01] === Starting auto-cancel cronjob ===
[2025-12-06 13:35:01] No expired orders found. Everything is up to date.
[2025-12-06 13:40:01] === Starting auto-cancel cronjob ===
[2025-12-06 13:40:01] No expired orders found. Everything is up to date.
[2025-12-06 13:45:01] === Starting auto-cancel cronjob ===
[2025-12-06 13:45:01] No expired orders found. Everything is up to date.
[2025-12-06 13:50:01] === Starting auto-cancel cronjob ===
[2025-12-06 13:50:01] No expired orders found. Everything is up to date.
[2025-12-06 13:55:01] === Starting auto-cancel cronjob ===
[2025-12-06 13:55:01] No expired orders found. Everything is up to date.
[2025-12-06 14:00:01] === Starting auto-cancel cronjob ===
[2025-12-06 14:00:01] No expired orders found. Everything is up to date.
[2025-12-06 14:05:01] === Starting auto-cancel cronjob ===
[2025-12-06 14:05:01] No expired orders found. Everything is up to date.
[2025-12-06 14:10:01] === Starting auto-cancel cronjob ===
[2025-12-06 14:10:01] No expired orders found. Everything is up to date.
[2025-12-06 14:15:01] === Starting auto-cancel cronjob ===
[2025-12-06 14:15:01] No expired orders found. Everything is up to date.
[2025-12-06 14:20:01] === Starting auto-cancel cronjob ===
[2025-12-06 14:20:01] No expired orders found. Everything is up to date.
[2025-12-06 14:25:01] === Starting auto-cancel cronjob ===
[2025-12-06 14:25:01] No expired orders found. Everything is up to date.
[2025-12-06 14:30:01] === Starting auto-cancel cronjob ===
[2025-12-06 14:30:01] No expired orders found. Everything is up to date.
[2025-12-06 14:35:01] === Starting auto-cancel cronjob ===
[2025-12-06 14:35:01] No expired orders found. Everything is up to date.
[2025-12-06 14:40:01] === Starting auto-cancel cronjob ===
[2025-12-06 14:40:01] No expired orders found. Everything is up to date.
[2025-12-06 14:45:01] === Starting auto-cancel cronjob ===
[2025-12-06 14:45:01] No expired orders found. Everything is up to date.
[2025-12-06 14:50:01] === Starting auto-cancel cronjob ===
[2025-12-06 14:50:01] No expired orders found. Everything is up to date.
[2025-12-06 14:55:01] === Starting auto-cancel cronjob ===
[2025-12-06 14:55:01] No expired orders found. Everything is up to date.
[2025-12-06 15:00:01] === Starting auto-cancel cronjob ===
[2025-12-06 15:00:01] No expired orders found. Everything is up to date.
[2025-12-06 15:05:02] === Starting auto-cancel cronjob ===
[2025-12-06 15:05:02] No expired orders found. Everything is up to date.
[2025-12-06 15:10:01] === Starting auto-cancel cronjob ===
[2025-12-06 15:10:01] No expired orders found. Everything is up to date.
[2025-12-06 15:15:01] === Starting auto-cancel cronjob ===
[2025-12-06 15:15:01] No expired orders found. Everything is up to date.
[2025-12-06 15:20:01] === Starting auto-cancel cronjob ===
[2025-12-06 15:20:01] No expired orders found. Everything is up to date.
[2025-12-06 15:25:01] === Starting auto-cancel cronjob ===
[2025-12-06 15:25:01] No expired orders found. Everything is up to date.
[2025-12-06 15:30:01] === Starting auto-cancel cronjob ===
[2025-12-06 15:30:01] No expired orders found. Everything is up to date.
[2025-12-06 15:35:01] === Starting auto-cancel cronjob ===
[2025-12-06 15:35:01] No expired orders found. Everything is up to date.
[2025-12-06 15:40:01] === Starting auto-cancel cronjob ===
[2025-12-06 15:40:01] No expired orders found. Everything is up to date.
[2025-12-06 15:45:01] === Starting auto-cancel cronjob ===
[2025-12-06 15:45:01] No expired orders found. Everything is up to date.
[2025-12-06 15:50:01] === Starting auto-cancel cronjob ===
[2025-12-06 15:50:01] No expired orders found. Everything is up to date.
[2025-12-06 15:55:02] === Starting auto-cancel cronjob ===
[2025-12-06 15:55:02] No expired orders found. Everything is up to date.
[2025-12-06 16:00:01] === Starting auto-cancel cronjob ===
[2025-12-06 16:00:01] No expired orders found. Everything is up to date.
[2025-12-06 16:05:01] === Starting auto-cancel cronjob ===
[2025-12-06 16:05:01] No expired orders found. Everything is up to date.
[2025-12-06 16:10:01] === Starting auto-cancel cronjob ===
[2025-12-06 16:10:01] No expired orders found. Everything is up to date.
[2025-12-06 16:15:01] === Starting auto-cancel cronjob ===
[2025-12-06 16:15:01] No expired orders found. Everything is up to date.
[2025-12-06 16:20:01] === Starting auto-cancel cronjob ===
[2025-12-06 16:20:01] No expired orders found. Everything is up to date.
[2025-12-06 16:25:01] === Starting auto-cancel cronjob ===
[2025-12-06 16:25:01] No expired orders found. Everything is up to date.
[2025-12-06 16:30:01] === Starting auto-cancel cronjob ===
[2025-12-06 16:30:01] No expired orders found. Everything is up to date.
[2025-12-06 16:35:01] === Starting auto-cancel cronjob ===
[2025-12-06 16:35:01] No expired orders found. Everything is up to date.
[2025-12-06 16:40:01] === Starting auto-cancel cronjob ===
[2025-12-06 16:40:01] No expired orders found. Everything is up to date.
[2025-12-06 16:45:01] === Starting auto-cancel cronjob ===
[2025-12-06 16:45:01] No expired orders found. Everything is up to date.
[2025-12-06 16:50:02] === Starting auto-cancel cronjob ===
[2025-12-06 16:50:02] No expired orders found. Everything is up to date.
[2025-12-06 16:55:01] === Starting auto-cancel cronjob ===
[2025-12-06 16:55:01] No expired orders found. Everything is up to date.
[2025-12-06 17:00:01] === Starting auto-cancel cronjob ===
[2025-12-06 17:00:01] No expired orders found. Everything is up to date.
[2025-12-06 17:05:01] === Starting auto-cancel cronjob ===
[2025-12-06 17:05:01] No expired orders found. Everything is up to date.
[2025-12-06 17:10:01] === Starting auto-cancel cronjob ===
[2025-12-06 17:10:01] No expired orders found. Everything is up to date.
[2025-12-06 17:15:01] === Starting auto-cancel cronjob ===
[2025-12-06 17:15:01] No expired orders found. Everything is up to date.
[2025-12-06 17:20:01] === Starting auto-cancel cronjob ===
[2025-12-06 17:20:01] No expired orders found. Everything is up to date.
[2025-12-06 17:25:01] === Starting auto-cancel cronjob ===
[2025-12-06 17:25:01] No expired orders found. Everything is up to date.
[2025-12-06 17:30:01] === Starting auto-cancel cronjob ===
[2025-12-06 17:30:01] No expired orders found. Everything is up to date.
[2025-12-06 17:35:01] === Starting auto-cancel cronjob ===
[2025-12-06 17:35:01] No expired orders found. Everything is up to date.
[2025-12-06 17:40:02] === Starting auto-cancel cronjob ===
[2025-12-06 17:40:02] No expired orders found. Everything is up to date.
[2025-12-06 17:45:01] === Starting auto-cancel cronjob ===
[2025-12-06 17:45:01] No expired orders found. Everything is up to date.
[2025-12-06 17:50:01] === Starting auto-cancel cronjob ===
[2025-12-06 17:50:01] No expired orders found. Everything is up to date.
[2025-12-06 17:55:01] === Starting auto-cancel cronjob ===
[2025-12-06 17:55:01] No expired orders found. Everything is up to date.
[2025-12-06 18:00:01] === Starting auto-cancel cronjob ===
[2025-12-06 18:00:01] No expired orders found. Everything is up to date.
[2025-12-06 18:05:01] === Starting auto-cancel cronjob ===
[2025-12-06 18:05:01] No expired orders found. Everything is up to date.
[2025-12-06 18:10:01] === Starting auto-cancel cronjob ===
[2025-12-06 18:10:01] No expired orders found. Everything is up to date.
[2025-12-06 18:15:01] === Starting auto-cancel cronjob ===
[2025-12-06 18:15:01] No expired orders found. Everything is up to date.
[2025-12-06 18:20:01] === Starting auto-cancel cronjob ===
[2025-12-06 18:20:01] No expired orders found. Everything is up to date.
[2025-12-06 18:25:01] === Starting auto-cancel cronjob ===
[2025-12-06 18:25:01] No expired orders found. Everything is up to date.
[2025-12-06 18:30:01] === Starting auto-cancel cronjob ===
[2025-12-06 18:30:01] No expired orders found. Everything is up to date.
[2025-12-06 18:35:01] === Starting auto-cancel cronjob ===
[2025-12-06 18:35:01] No expired orders found. Everything is up to date.
[2025-12-06 18:40:02] === Starting auto-cancel cronjob ===
[2025-12-06 18:40:02] No expired orders found. Everything is up to date.
[2025-12-06 18:45:01] === Starting auto-cancel cronjob ===
[2025-12-06 18:45:01] No expired orders found. Everything is up to date.
[2025-12-06 18:50:01] === Starting auto-cancel cronjob ===
[2025-12-06 18:50:01] No expired orders found. Everything is up to date.
[2025-12-06 18:55:01] === Starting auto-cancel cronjob ===
[2025-12-06 18:55:01] No expired orders found. Everything is up to date.
[2025-12-06 19:00:01] === Starting auto-cancel cronjob ===
[2025-12-06 19:00:01] No expired orders found. Everything is up to date.
[2025-12-06 19:05:01] === Starting auto-cancel cronjob ===
[2025-12-06 19:05:01] No expired orders found. Everything is up to date.
[2025-12-06 19:10:01] === Starting auto-cancel cronjob ===
[2025-12-06 19:10:01] No expired orders found. Everything is up to date.
[2025-12-06 19:15:01] === Starting auto-cancel cronjob ===
[2025-12-06 19:15:01] No expired orders found. Everything is up to date.
[2025-12-06 19:20:01] === Starting auto-cancel cronjob ===
[2025-12-06 19:20:01] No expired orders found. Everything is up to date.
[2025-12-06 19:25:01] === Starting auto-cancel cronjob ===
[2025-12-06 19:25:01] No expired orders found. Everything is up to date.
[2025-12-06 19:30:02] === Starting auto-cancel cronjob ===
[2025-12-06 19:30:02] No expired orders found. Everything is up to date.
[2025-12-06 19:35:01] === Starting auto-cancel cronjob ===
[2025-12-06 19:35:01] No expired orders found. Everything is up to date.
[2025-12-06 19:40:01] === Starting auto-cancel cronjob ===
[2025-12-06 19:40:01] No expired orders found. Everything is up to date.
[2025-12-06 19:45:01] === Starting auto-cancel cronjob ===
[2025-12-06 19:45:01] No expired orders found. Everything is up to date.
[2025-12-06 19:50:01] === Starting auto-cancel cronjob ===
[2025-12-06 19:50:01] No expired orders found. Everything is up to date.
[2025-12-06 19:55:01] === Starting auto-cancel cronjob ===
[2025-12-06 19:55:01] No expired orders found. Everything is up to date.
[2025-12-06 20:00:01] === Starting auto-cancel cronjob ===
[2025-12-06 20:00:01] No expired orders found. Everything is up to date.
[2025-12-06 20:05:01] === Starting auto-cancel cronjob ===
[2025-12-06 20:05:01] No expired orders found. Everything is up to date.
[2025-12-06 20:10:01] === Starting auto-cancel cronjob ===
[2025-12-06 20:10:01] No expired orders found. Everything is up to date.
[2025-12-06 20:15:01] === Starting auto-cancel cronjob ===
[2025-12-06 20:15:01] No expired orders found. Everything is up to date.
[2025-12-06 20:20:01] === Starting auto-cancel cronjob ===
[2025-12-06 20:20:01] No expired orders found. Everything is up to date.
[2025-12-06 20:25:01] === Starting auto-cancel cronjob ===
[2025-12-06 20:25:01] No expired orders found. Everything is up to date.
[2025-12-06 20:30:02] === Starting auto-cancel cronjob ===
[2025-12-06 20:30:02] No expired orders found. Everything is up to date.
[2025-12-06 20:35:01] === Starting auto-cancel cronjob ===
[2025-12-06 20:35:01] No expired orders found. Everything is up to date.
[2025-12-06 20:40:01] === Starting auto-cancel cronjob ===
[2025-12-06 20:40:01] No expired orders found. Everything is up to date.
[2025-12-06 20:45:01] === Starting auto-cancel cronjob ===
[2025-12-06 20:45:01] No expired orders found. Everything is up to date.
[2025-12-06 20:50:01] === Starting auto-cancel cronjob ===
[2025-12-06 20:50:01] No expired orders found. Everything is up to date.
[2025-12-06 20:55:01] === Starting auto-cancel cronjob ===
[2025-12-06 20:55:01] No expired orders found. Everything is up to date.
[2025-12-06 21:00:01] === Starting auto-cancel cronjob ===
[2025-12-06 21:00:01] No expired orders found. Everything is up to date.
[2025-12-06 21:05:01] === Starting auto-cancel cronjob ===
[2025-12-06 21:05:01] No expired orders found. Everything is up to date.
[2025-12-06 21:10:01] === Starting auto-cancel cronjob ===
[2025-12-06 21:10:01] No expired orders found. Everything is up to date.
[2025-12-06 21:15:01] === Starting auto-cancel cronjob ===
[2025-12-06 21:15:01] No expired orders found. Everything is up to date.
[2025-12-06 21:20:01] === Starting auto-cancel cronjob ===
[2025-12-06 21:20:01] No expired orders found. Everything is up to date.
[2025-12-06 21:25:02] === Starting auto-cancel cronjob ===
[2025-12-06 21:25:02] No expired orders found. Everything is up to date.
[2025-12-06 21:30:01] === Starting auto-cancel cronjob ===
[2025-12-06 21:30:01] No expired orders found. Everything is up to date.
[2025-12-06 21:35:01] === Starting auto-cancel cronjob ===
[2025-12-06 21:35:01] No expired orders found. Everything is up to date.
[2025-12-06 21:40:01] === Starting auto-cancel cronjob ===
[2025-12-06 21:40:01] No expired orders found. Everything is up to date.
[2025-12-06 21:45:01] === Starting auto-cancel cronjob ===
[2025-12-06 21:45:01] No expired orders found. Everything is up to date.
[2025-12-06 21:50:01] === Starting auto-cancel cronjob ===
[2025-12-06 21:50:01] No expired orders found. Everything is up to date.
[2025-12-06 21:55:01] === Starting auto-cancel cronjob ===
[2025-12-06 21:55:01] No expired orders found. Everything is up to date.
[2025-12-06 22:00:01] === Starting auto-cancel cronjob ===
[2025-12-06 22:00:01] No expired orders found. Everything is up to date.
[2025-12-06 22:05:01] === Starting auto-cancel cronjob ===
[2025-12-06 22:05:01] No expired orders found. Everything is up to date.
[2025-12-06 22:10:01] === Starting auto-cancel cronjob ===
[2025-12-06 22:10:01] No expired orders found. Everything is up to date.
[2025-12-06 22:15:01] === Starting auto-cancel cronjob ===
[2025-12-06 22:15:01] No expired orders found. Everything is up to date.
[2025-12-06 22:20:02] === Starting auto-cancel cronjob ===
[2025-12-06 22:20:02] No expired orders found. Everything is up to date.
[2025-12-06 22:25:01] === Starting auto-cancel cronjob ===
[2025-12-06 22:25:01] No expired orders found. Everything is up to date.
[2025-12-06 22:30:01] === Starting auto-cancel cronjob ===
[2025-12-06 22:30:01] No expired orders found. Everything is up to date.
[2025-12-06 22:35:01] === Starting auto-cancel cronjob ===
[2025-12-06 22:35:01] No expired orders found. Everything is up to date.
[2025-12-06 22:40:01] === Starting auto-cancel cronjob ===
[2025-12-06 22:40:01] No expired orders found. Everything is up to date.
[2025-12-06 22:45:01] === Starting auto-cancel cronjob ===
[2025-12-06 22:45:01] No expired orders found. Everything is up to date.
[2025-12-06 22:50:01] === Starting auto-cancel cronjob ===
[2025-12-06 22:50:01] No expired orders found. Everything is up to date.
[2025-12-06 22:55:01] === Starting auto-cancel cronjob ===
[2025-12-06 22:55:01] No expired orders found. Everything is up to date.
[2025-12-06 23:00:01] === Starting auto-cancel cronjob ===
[2025-12-06 23:00:01] No expired orders found. Everything is up to date.
[2025-12-06 23:05:01] === Starting auto-cancel cronjob ===
[2025-12-06 23:05:01] No expired orders found. Everything is up to date.
[2025-12-06 23:10:02] === Starting auto-cancel cronjob ===
[2025-12-06 23:10:02] No expired orders found. Everything is up to date.
[2025-12-06 23:15:01] === Starting auto-cancel cronjob ===
[2025-12-06 23:15:01] No expired orders found. Everything is up to date.
[2025-12-06 23:20:01] === Starting auto-cancel cronjob ===
[2025-12-06 23:20:01] No expired orders found. Everything is up to date.
[2025-12-06 23:25:01] === Starting auto-cancel cronjob ===
[2025-12-06 23:25:01] No expired orders found. Everything is up to date.
[2025-12-06 23:30:01] === Starting auto-cancel cronjob ===
[2025-12-06 23:30:01] No expired orders found. Everything is up to date.
[2025-12-06 23:35:01] === Starting auto-cancel cronjob ===
[2025-12-06 23:35:01] No expired orders found. Everything is up to date.
[2025-12-06 23:40:01] === Starting auto-cancel cronjob ===
[2025-12-06 23:40:01] No expired orders found. Everything is up to date.
[2025-12-06 23:45:01] === Starting auto-cancel cronjob ===
[2025-12-06 23:45:01] No expired orders found. Everything is up to date.
[2025-12-06 23:50:01] === Starting auto-cancel cronjob ===
[2025-12-06 23:50:01] No expired orders found. Everything is up to date.
[2025-12-06 23:55:02] === Starting auto-cancel cronjob ===
[2025-12-06 23:55:02] No expired orders found. Everything is up to date.
[2025-12-07 00:00:01] === Starting auto-cancel cronjob ===
[2025-12-07 00:00:01] No expired orders found. Everything is up to date.
[2025-12-07 00:05:01] === Starting auto-cancel cronjob ===
[2025-12-07 00:05:01] No expired orders found. Everything is up to date.
[2025-12-07 00:10:01] === Starting auto-cancel cronjob ===
[2025-12-07 00:10:01] No expired orders found. Everything is up to date.
[2025-12-07 00:15:01] === Starting auto-cancel cronjob ===
[2025-12-07 00:15:01] No expired orders found. Everything is up to date.
[2025-12-07 00:20:01] === Starting auto-cancel cronjob ===
[2025-12-07 00:20:01] No expired orders found. Everything is up to date.
[2025-12-07 00:25:01] === Starting auto-cancel cronjob ===
[2025-12-07 00:25:01] No expired orders found. Everything is up to date.
[2025-12-07 00:30:01] === Starting auto-cancel cronjob ===
[2025-12-07 00:30:01] No expired orders found. Everything is up to date.
[2025-12-07 00:35:01] === Starting auto-cancel cronjob ===
[2025-12-07 00:35:01] No expired orders found. Everything is up to date.
[2025-12-07 00:40:01] === Starting auto-cancel cronjob ===
[2025-12-07 00:40:01] No expired orders found. Everything is up to date.
[2025-12-07 00:45:01] === Starting auto-cancel cronjob ===
[2025-12-07 00:45:01] No expired orders found. Everything is up to date.
[2025-12-07 00:50:02] === Starting auto-cancel cronjob ===
[2025-12-07 00:50:02] No expired orders found. Everything is up to date.
[2025-12-07 00:55:01] === Starting auto-cancel cronjob ===
[2025-12-07 00:55:01] No expired orders found. Everything is up to date.
[2025-12-07 01:00:01] === Starting auto-cancel cronjob ===
[2025-12-07 01:00:01] No expired orders found. Everything is up to date.
[2025-12-07 01:05:01] === Starting auto-cancel cronjob ===
[2025-12-07 01:05:01] No expired orders found. Everything is up to date.
[2025-12-07 01:10:01] === Starting auto-cancel cronjob ===
[2025-12-07 01:10:01] No expired orders found. Everything is up to date.
[2025-12-07 01:15:01] === Starting auto-cancel cronjob ===
[2025-12-07 01:15:01] No expired orders found. Everything is up to date.
[2025-12-07 01:20:01] === Starting auto-cancel cronjob ===
[2025-12-07 01:20:01] No expired orders found. Everything is up to date.
[2025-12-07 01:25:01] === Starting auto-cancel cronjob ===
[2025-12-07 01:25:01] No expired orders found. Everything is up to date.
[2025-12-07 01:30:01] === Starting auto-cancel cronjob ===
[2025-12-07 01:30:01] No expired orders found. Everything is up to date.
[2025-12-07 01:35:01] === Starting auto-cancel cronjob ===
[2025-12-07 01:35:01] No expired orders found. Everything is up to date.
[2025-12-07 01:40:01] === Starting auto-cancel cronjob ===
[2025-12-07 01:40:01] No expired orders found. Everything is up to date.
[2025-12-07 01:45:02] === Starting auto-cancel cronjob ===
[2025-12-07 01:45:02] No expired orders found. Everything is up to date.
[2025-12-07 01:50:01] === Starting auto-cancel cronjob ===
[2025-12-07 01:50:01] No expired orders found. Everything is up to date.
[2025-12-07 01:55:01] === Starting auto-cancel cronjob ===
[2025-12-07 01:55:01] No expired orders found. Everything is up to date.
[2025-12-07 02:00:01] === Starting auto-cancel cronjob ===
[2025-12-07 02:00:01] No expired orders found. Everything is up to date.
[2025-12-07 02:05:01] === Starting auto-cancel cronjob ===
[2025-12-07 02:05:01] No expired orders found. Everything is up to date.
[2025-12-07 02:10:01] === Starting auto-cancel cronjob ===
[2025-12-07 02:10:01] No expired orders found. Everything is up to date.
[2025-12-07 02:15:01] === Starting auto-cancel cronjob ===
[2025-12-07 02:15:01] No expired orders found. Everything is up to date.
[2025-12-07 02:20:01] === Starting auto-cancel cronjob ===
[2025-12-07 02:20:01] No expired orders found. Everything is up to date.
[2025-12-07 02:25:01] === Starting auto-cancel cronjob ===
[2025-12-07 02:25:01] No expired orders found. Everything is up to date.
[2025-12-07 02:30:01] === Starting auto-cancel cronjob ===
[2025-12-07 02:30:01] No expired orders found. Everything is up to date.
[2025-12-07 02:35:01] === Starting auto-cancel cronjob ===
[2025-12-07 02:35:01] No expired orders found. Everything is up to date.
[2025-12-07 02:40:01] === Starting auto-cancel cronjob ===
[2025-12-07 02:40:01] No expired orders found. Everything is up to date.
[2025-12-07 02:45:02] === Starting auto-cancel cronjob ===
[2025-12-07 02:45:02] No expired orders found. Everything is up to date.
[2025-12-07 02:50:01] === Starting auto-cancel cronjob ===
[2025-12-07 02:50:01] No expired orders found. Everything is up to date.
[2025-12-07 02:55:01] === Starting auto-cancel cronjob ===
[2025-12-07 02:55:01] No expired orders found. Everything is up to date.
[2025-12-07 03:00:01] === Starting auto-cancel cronjob ===
[2025-12-07 03:00:01] No expired orders found. Everything is up to date.
[2025-12-07 03:05:01] === Starting auto-cancel cronjob ===
[2025-12-07 03:05:01] No expired orders found. Everything is up to date.
[2025-12-07 03:10:01] === Starting auto-cancel cronjob ===
[2025-12-07 03:10:01] No expired orders found. Everything is up to date.
[2025-12-07 03:15:01] === Starting auto-cancel cronjob ===
[2025-12-07 03:15:01] No expired orders found. Everything is up to date.
[2025-12-07 03:20:01] === Starting auto-cancel cronjob ===
[2025-12-07 03:20:01] No expired orders found. Everything is up to date.
[2025-12-07 03:25:01] === Starting auto-cancel cronjob ===
[2025-12-07 03:25:01] No expired orders found. Everything is up to date.
[2025-12-07 03:30:01] === Starting auto-cancel cronjob ===
[2025-12-07 03:30:01] No expired orders found. Everything is up to date.
[2025-12-07 03:35:01] === Starting auto-cancel cronjob ===
[2025-12-07 03:35:01] No expired orders found. Everything is up to date.
[2025-12-07 03:40:01] === Starting auto-cancel cronjob ===
[2025-12-07 03:40:01] No expired orders found. Everything is up to date.
[2025-12-07 03:45:02] === Starting auto-cancel cronjob ===
[2025-12-07 03:45:02] No expired orders found. Everything is up to date.
[2025-12-07 03:50:01] === Starting auto-cancel cronjob ===
[2025-12-07 03:50:01] No expired orders found. Everything is up to date.
[2025-12-07 03:55:01] === Starting auto-cancel cronjob ===
[2025-12-07 03:55:01] No expired orders found. Everything is up to date.
[2025-12-07 04:00:01] === Starting auto-cancel cronjob ===
[2025-12-07 04:00:01] No expired orders found. Everything is up to date.
[2025-12-07 04:05:01] === Starting auto-cancel cronjob ===
[2025-12-07 04:05:01] No expired orders found. Everything is up to date.
[2025-12-07 04:10:01] === Starting auto-cancel cronjob ===
[2025-12-07 04:10:01] No expired orders found. Everything is up to date.
[2025-12-07 04:15:01] === Starting auto-cancel cronjob ===
[2025-12-07 04:15:01] No expired orders found. Everything is up to date.
[2025-12-07 04:20:01] === Starting auto-cancel cronjob ===
[2025-12-07 04:20:01] No expired orders found. Everything is up to date.
[2025-12-07 04:25:01] === Starting auto-cancel cronjob ===
[2025-12-07 04:25:01] No expired orders found. Everything is up to date.
[2025-12-07 04:30:01] === Starting auto-cancel cronjob ===
[2025-12-07 04:30:01] No expired orders found. Everything is up to date.
[2025-12-07 04:35:01] === Starting auto-cancel cronjob ===
[2025-12-07 04:35:01] No expired orders found. Everything is up to date.
[2025-12-07 04:40:01] === Starting auto-cancel cronjob ===
[2025-12-07 04:40:02] No expired orders found. Everything is up to date.
[2025-12-07 04:45:01] === Starting auto-cancel cronjob ===
[2025-12-07 04:45:01] No expired orders found. Everything is up to date.
[2025-12-07 04:50:01] === Starting auto-cancel cronjob ===
[2025-12-07 04:50:01] No expired orders found. Everything is up to date.
[2025-12-07 04:55:01] === Starting auto-cancel cronjob ===
[2025-12-07 04:55:01] No expired orders found. Everything is up to date.
[2025-12-07 05:00:01] === Starting auto-cancel cronjob ===
[2025-12-07 05:00:01] No expired orders found. Everything is up to date.
[2025-12-07 05:05:01] === Starting auto-cancel cronjob ===
[2025-12-07 05:05:01] No expired orders found. Everything is up to date.
[2025-12-07 05:10:01] === Starting auto-cancel cronjob ===
[2025-12-07 05:10:01] No expired orders found. Everything is up to date.
[2025-12-07 05:15:01] === Starting auto-cancel cronjob ===
[2025-12-07 05:15:01] No expired orders found. Everything is up to date.
[2025-12-07 05:20:01] === Starting auto-cancel cronjob ===
[2025-12-07 05:20:01] No expired orders found. Everything is up to date.
[2025-12-07 05:25:01] === Starting auto-cancel cronjob ===
[2025-12-07 05:25:01] No expired orders found. Everything is up to date.
[2025-12-07 05:30:01] === Starting auto-cancel cronjob ===
[2025-12-07 05:30:01] No expired orders found. Everything is up to date.
[2025-12-07 05:35:02] === Starting auto-cancel cronjob ===
[2025-12-07 05:35:02] No expired orders found. Everything is up to date.
[2025-12-07 05:40:01] === Starting auto-cancel cronjob ===
[2025-12-07 05:40:01] No expired orders found. Everything is up to date.
[2025-12-07 05:45:01] === Starting auto-cancel cronjob ===
[2025-12-07 05:45:01] No expired orders found. Everything is up to date.
[2025-12-07 05:50:01] === Starting auto-cancel cronjob ===
[2025-12-07 05:50:01] No expired orders found. Everything is up to date.
[2025-12-07 05:55:01] === Starting auto-cancel cronjob ===
[2025-12-07 05:55:01] No expired orders found. Everything is up to date.
[2025-12-07 06:00:01] === Starting auto-cancel cronjob ===
[2025-12-07 06:00:01] No expired orders found. Everything is up to date.
[2025-12-07 06:05:01] === Starting auto-cancel cronjob ===
[2025-12-07 06:05:01] No expired orders found. Everything is up to date.
[2025-12-07 06:10:01] === Starting auto-cancel cronjob ===
[2025-12-07 06:10:01] No expired orders found. Everything is up to date.
[2025-12-07 06:15:01] === Starting auto-cancel cronjob ===
[2025-12-07 06:15:01] No expired orders found. Everything is up to date.
[2025-12-07 06:20:01] === Starting auto-cancel cronjob ===
[2025-12-07 06:20:01] No expired orders found. Everything is up to date.
[2025-12-07 06:25:01] === Starting auto-cancel cronjob ===
[2025-12-07 06:25:01] No expired orders found. Everything is up to date.
[2025-12-07 06:30:02] === Starting auto-cancel cronjob ===
[2025-12-07 06:30:02] No expired orders found. Everything is up to date.
[2025-12-07 06:35:01] === Starting auto-cancel cronjob ===
[2025-12-07 06:35:01] No expired orders found. Everything is up to date.
[2025-12-07 06:40:01] === Starting auto-cancel cronjob ===
[2025-12-07 06:40:01] No expired orders found. Everything is up to date.
[2025-12-07 06:45:01] === Starting auto-cancel cronjob ===
[2025-12-07 06:45:01] No expired orders found. Everything is up to date.
[2025-12-07 06:50:01] === Starting auto-cancel cronjob ===
[2025-12-07 06:50:01] No expired orders found. Everything is up to date.
[2025-12-07 06:55:01] === Starting auto-cancel cronjob ===
[2025-12-07 06:55:01] No expired orders found. Everything is up to date.
[2025-12-07 07:00:01] === Starting auto-cancel cronjob ===
[2025-12-07 07:00:01] No expired orders found. Everything is up to date.
[2025-12-07 07:05:01] === Starting auto-cancel cronjob ===
[2025-12-07 07:05:01] No expired orders found. Everything is up to date.
[2025-12-07 07:10:01] === Starting auto-cancel cronjob ===
[2025-12-07 07:10:01] No expired orders found. Everything is up to date.
[2025-12-07 07:15:01] === Starting auto-cancel cronjob ===
[2025-12-07 07:15:01] No expired orders found. Everything is up to date.
[2025-12-07 07:20:01] === Starting auto-cancel cronjob ===
[2025-12-07 07:20:01] No expired orders found. Everything is up to date.
[2025-12-07 07:25:02] === Starting auto-cancel cronjob ===
[2025-12-07 07:25:02] No expired orders found. Everything is up to date.
[2025-12-07 07:30:01] === Starting auto-cancel cronjob ===
[2025-12-07 07:30:01] No expired orders found. Everything is up to date.
[2025-12-07 07:35:01] === Starting auto-cancel cronjob ===
[2025-12-07 07:35:01] No expired orders found. Everything is up to date.
[2025-12-07 07:40:01] === Starting auto-cancel cronjob ===
[2025-12-07 07:40:01] No expired orders found. Everything is up to date.
[2025-12-07 07:45:01] === Starting auto-cancel cronjob ===
[2025-12-07 07:45:01] No expired orders found. Everything is up to date.
